Copyright 1986-2022 Xilinx, Inc. All Rights Reserved. Copyright 2022-2025 Advanced Micro Devices, Inc. All Rights Reserved.
----------------------------------------------------------------------------------------------------------------------------------------------------------------------------
| Tool Version     : Vivado v.2025.2 (win64) Build 6299465 Fri Nov 14 19:35:11 GMT 2025
| Date             : Thu Aug  6 19:03:38 2026
| Host             : SanukaPCs running 64-bit major release  (build 9200)
| Command          : report_power -file lotus_axi4_wrapper_power_routed.rpt -pb lotus_axi4_wrapper_power_summary_routed.pb -rpx lotus_axi4_wrapper_power_routed.rpx
| Design           : lotus_axi4_wrapper
| Device           : xc7a200tlffv1156-2L
| Design State     : routed
| Grade            : extended
| Process          : typical
| Characterization : Production
----------------------------------------------------------------------------------------------------------------------------------------------------------------------------

Power Report

Table of Contents
-----------------
1. Summary
1.1 On-Chip Components
1.2 Power Supply Summary
1.3 Confidence Level
2. Settings
2.1 Environment
2.2 Clock Constraints
3. Detailed Reports
3.1 By Hierarchy

1. Summary
----------

+--------------------------+--------------+
| Total On-Chip Power (W)  | 0.397        |
| Design Power Budget (W)  | Unspecified* |
| Power Budget Margin (W)  | NA           |
| Dynamic (W)              | 0.285        |
| Device Static (W)        | 0.112        |
| Effective TJA (C/W)      | 1.5          |
| Max Ambient (C)          | 99.4         |
| Junction Temperature (C) | 25.6         |
| Confidence Level         | Medium       |
| Setting File             | ---          |
| Simulation Activity File | ---          |
| Design Nets Matched      | NA           |
+--------------------------+--------------+
* Specify Design Power Budget using, set_operating_conditions -design_power_budget <value in Watts>


1.1 On-Chip Components
----------------------

+--------------------------+-----------+----------+-----------+-----------------+
| On-Chip                  | Power (W) | Used     | Available | Utilization (%) |
+--------------------------+-----------+----------+-----------+-----------------+
| Clocks                   |     0.091 |        3 |       --- |             --- |
| Slice Logic              |     0.064 |   115443 |       --- |             --- |
|   LUT as Logic           |     0.056 |    48946 |    133800 |           36.58 |
|   LUT as Distributed RAM |     0.006 |     6504 |     46200 |           14.08 |
|   Register               |    <0.001 |    38173 |    267600 |           14.26 |
|   F7/F8 Muxes            |    <0.001 |     8326 |    133800 |            6.22 |
|   CARRY4                 |    <0.001 |      847 |     33450 |            2.53 |
|   BUFG                   |    <0.001 |        1 |        32 |            3.13 |
|   Others                 |     0.000 |      281 |       --- |             --- |
| Signals                  |     0.107 |    84338 |       --- |             --- |
| Block RAM                |     0.023 |       17 |       365 |            4.66 |
| DSPs                     |    <0.001 |       64 |       740 |            8.65 |
| Static Power             |     0.112 |          |           |                 |
| Total                    |     0.397 |          |           |                 |
+--------------------------+-----------+----------+-----------+-----------------+


1.2 Power Supply Summary
------------------------

+-----------+-------------+-----------+-------------+------------+-------------+-------------+------------+
| Source    | Voltage (V) | Total (A) | Dynamic (A) | Static (A) | Powerup (A) | Budget (A)  | Margin (A) |
+-----------+-------------+-----------+-------------+------------+-------------+-------------+------------+
| Vccint    |       0.900 |     0.338 |       0.316 |      0.022 |       NA    | Unspecified | NA         |
| Vccaux    |       1.800 |     0.031 |       0.000 |      0.031 |       NA    | Unspecified | NA         |
| Vcco33    |       3.300 |     0.000 |       0.000 |      0.000 |       NA    | Unspecified | NA         |
| Vcco25    |       2.500 |     0.000 |       0.000 |      0.000 |       NA    | Unspecified | NA         |
| Vcco18    |       1.800 |     0.000 |       0.000 |      0.000 |       NA    | Unspecified | NA         |
| Vcco15    |       1.500 |     0.000 |       0.000 |      0.000 |       NA    | Unspecified | NA         |
| Vcco135   |       1.350 |     0.000 |       0.000 |      0.000 |       NA    | Unspecified | NA         |
| Vcco12    |       1.200 |     0.000 |       0.000 |      0.000 |       NA    | Unspecified | NA         |
| Vccaux_io |       1.800 |     0.000 |       0.000 |      0.000 |       NA    | Unspecified | NA         |
| Vccbram   |       1.000 |     0.002 |       0.001 |      0.001 |       NA    | Unspecified | NA         |
| MGTAVcc   |       1.000 |     0.000 |       0.000 |      0.000 |       NA    | Unspecified | NA         |
| MGTAVtt   |       1.200 |     0.000 |       0.000 |      0.000 |       NA    | Unspecified | NA         |
| Vccadc    |       1.800 |     0.020 |       0.000 |      0.020 |       NA    | Unspecified | NA         |
+-----------+-------------+-----------+-------------+------------+-------------+-------------+------------+


1.3 Confidence Level
--------------------

+-----------------------------+------------+------------------------------------------------+------------------------------------------------------------------------------------------------------------+
| User Input Data             | Confidence | Details                                        | Action                                                                                                     |
+-----------------------------+------------+------------------------------------------------+------------------------------------------------------------------------------------------------------------+
| Design implementation state | High       | Design is routed                               |                                                                                                            |
| Clock nodes activity        | High       | User specified more than 95% of clocks         |                                                                                                            |
| I/O nodes activity          | High       | User specified more than 95% of inputs         |                                                                                                            |
| Internal nodes activity     | Medium     | User specified less than 25% of internal nodes | Provide missing internal nodes activity with simulation results or by editing the "By Resource Type" views |
| Device models               | High       | Device models are Production                   |                                                                                                            |
|                             |            |                                                |                                                                                                            |
| Overall confidence level    | Medium     |                                                |                                                                                                            |
+-----------------------------+------------+------------------------------------------------+------------------------------------------------------------------------------------------------------------+


2. Settings
-----------

2.1 Environment
---------------

+-----------------------+--------------------------+
| Ambient Temp (C)      | 25.0                     |
| ThetaJA (C/W)         | 1.5                      |
| Airflow (LFM)         | 250                      |
| Heat Sink             | medium (Medium Profile)  |
| ThetaSA (C/W)         | 2.4                      |
| Board Selection       | medium (10"x10")         |
| # of Board Layers     | 12to15 (12 to 15 Layers) |
| Board Temperature (C) | 25.0                     |
+-----------------------+--------------------------+


2.2 Clock Constraints
---------------------

+-------+--------+-----------------+
| Clock | Domain | Constraint (ns) |
+-------+--------+-----------------+
| clk   | aclk   |            12.5 |
+-------+--------+-----------------+


3. Detailed Reports
-------------------

3.1 By Hierarchy
----------------

+----------------------------------+-----------+
| Name                             | Power (W) |
+----------------------------------+-----------+
| lotus_axi4_wrapper               |     0.285 |
|   u_core                         |     0.285 |
|     u_alu                        |     0.002 |
|     u_decoder                    |     0.044 |
|       gen_diq_bank[0].u_bank     |     0.003 |
|       gen_diq_bank[10].u_bank    |     0.002 |
|       gen_diq_bank[11].u_bank    |     0.001 |
|       gen_diq_bank[12].u_bank    |     0.002 |
|       gen_diq_bank[13].u_bank    |     0.002 |
|       gen_diq_bank[14].u_bank    |     0.002 |
|       gen_diq_bank[1].u_bank     |     0.002 |
|       gen_diq_bank[2].u_bank     |     0.002 |
|       gen_diq_bank[3].u_bank     |     0.001 |
|       gen_diq_bank[4].u_bank     |     0.003 |
|       gen_diq_bank[5].u_bank     |     0.002 |
|       gen_diq_bank[6].u_bank     |     0.002 |
|       gen_diq_bank[7].u_bank     |     0.001 |
|       gen_diq_bank[8].u_bank     |     0.002 |
|       gen_diq_bank[9].u_bank     |     0.002 |
|     u_dram_flow_gate             |     0.004 |
|     u_ifu                        |     0.024 |
|     u_l1d_cache                  |     0.025 |
|     u_l1i_cache                  |     0.011 |
|     u_l2_cache                   |     0.039 |
|     u_lsq                        |     0.008 |
|     u_prf                        |     0.004 |
|     u_renamer                    |     0.022 |
|     u_rob                        |     0.028 |
|     u_rs                         |     0.009 |
|     u_tage                       |     0.036 |
|     u_tensor_bf16                |     0.012 |
|       row_gen[6].col_gen[7].u_pe |     0.004 |
|     u_tensor_engine              |     0.008 |
+----------------------------------+-----------+


